[
  [
    {
      "open": "0000",
      "close": "0000"
    }
  ],
  [
    {
      "open": "0000",
      "close": "0000"
    }
  ],
  [
    {
      "open": "0000",
      "close": "0000"
    }
  ],
  [
    {
      "open": "0000",
      "close": "0000"
    }
  ],
  [
    {
      "open": "0000",
      "close": "2100"
    }
  ],
  [],
  [
    {
      "open": "0000",
      "close": "0000"
    }
  ]
]
