[
  [
    {
      "open": "1100",
      "close": "1430"
    },
    {
      "open": "1730",
      "close": "2230"
    }
  ],
  [
    {
      "open": "1130",
      "close": "1430"
    },
    {
      "open": "1730",
      "close": "2230"
    }
  ],
  [
    {
      "open": "1130",
      "close": "1430"
    },
    {
      "open": "1730",
      "close": "2230"
    }
  ],
  [
    {
      "open": "1130",
      "close": "1430"
    },
    {
      "open": "1730",
      "close": "2230"
    }
  ],
  [
    {
      "open": "1130",
      "close": "1430"
    },
    {
      "open": "1730",
      "close": "2230"
    }
  ],
  [
    {
      "open": "1130",
      "close": "1430"
    },
    {
      "open": "1730",
      "close": "2230"
    }
  ],
  [
    {
      "open": "1130",
      "close": "1430"
    },
    {
      "open": "1730",
      "close": "2230"
    }
  ]
]
