[
  [
    {
      "open": "1600",
      "close": "0000"
    }
  ],
  [
    {
      "open": "1600",
      "close": "0000"
    }
  ],
  [
    {
      "open": "1600",
      "close": "0000"
    }
  ],
  [
    {
      "open": "1600",
      "close": "0000"
    }
  ],
  [
    {
      "open": "1600",
      "close": "0000"
    }
  ],
  [
    {
      "open": "1600",
      "close": "0000"
    }
  ],
  [
    {
      "open": "1600",
      "close": "0000"
    }
  ]
]
