[
  [
    {
      "open": "1800",
      "close": "0100"
    }
  ],
  [
    {
      "open": "1800",
      "close": "0100"
    }
  ],
  [
    {
      "open": "1800",
      "close": "0100"
    }
  ],
  [
    {
      "open": "1800",
      "close": "0100"
    }
  ],
  [
    {
      "open": "1800",
      "close": "0200"
    }
  ],
  [
    {
      "open": "1800",
      "close": "0200"
    }
  ],
  [
    {
      "open": "1800",
      "close": "0100"
    }
  ]
]
