[
  [
    {
      "open": "0900",
      "close": "2000"
    }
  ],
  [
    {
      "open": "0900",
      "close": "2000"
    }
  ],
  [
    {
      "open": "0900",
      "close": "2000"
    }
  ],
  [
    {
      "open": "0900",
      "close": "2000"
    }
  ],
  [
    {
      "open": "0900",
      "close": "2000"
    }
  ],
  [
    {
      "open": "0900",
      "close": "2000"
    }
  ],
  [
    {
      "open": "0900",
      "close": "2000"
    }
  ]
]
